V3 4
FL C:/Users/carlo/Desktop/PracticasCircuitosLogicos/CompuertasLgicas/compuertas.vhd 2022/03/18.10:57:26 P.20131013
EN work/compuertas 1648467772 \
      FL C:/Users/carlo/Desktop/PracticasCircuitosLogicos/CompuertasLgicas/compuertas.vhd \
      PB ieee/std_logic_1164 1381692176
AR work/compuertas/Behavioral 1648467773 \
      FL C:/Users/carlo/Desktop/PracticasCircuitosLogicos/CompuertasLgicas/compuertas.vhd \
      EN work/compuertas 1648467772
FL C:/Users/VIP/Desktop/PracticasCircuitosLogicos/CompuertasLgicas/compuertas.vhd 2022/03/18.10:57:25 P.20131013
